// Jest Snapshot v1, https://goo.gl/fbAQLP

exports[`App Component should match snapshot 1`] = `
<div
  className="app-container"
>
  <nav
    aria-label="secondary navigation"
    className="navigation-menu "
  >
    <div
      className="navbar is-primary"
    >
      <div
        className="navbar-brand"
      >
        <a
          className="navbar-item hackernews-logo"
          href="/"
        >
          <img
            alt="Hackernews"
            src="/assets/hackernews.svg"
          />
        </a>
      </div>
    </div>
    <div
      className="menu"
    >
      <p
        className="menu-label"
      >
        More HackerNews Stories
      </p>
      <ul
        className="menu-list"
      >
        <li>
          <a
            className="is-active"
            onClick={[Function]}
          >
            Top Stories
          </a>
        </li>
        <li>
          <a
            className=""
            onClick={[Function]}
          >
            New on HackerNews
          </a>
        </li>
        <li>
          <a
            className=""
            onClick={[Function]}
          >
            Best Of
          </a>
        </li>
        <li>
          <a
            className=""
            onClick={[Function]}
          >
            Show HackerNews
          </a>
        </li>
        <li>
          <a
            className=""
            onClick={[Function]}
          >
            Ask HackerNews
          </a>
        </li>
      </ul>
    </div>
    <footer>
      <div
        className="tags has-addons"
      >
        <span
          className="tag"
        >
          Connectivity
        </span>
        <span
          className="tag is-primary"
        >
          Online!
        </span>
      </div>
    </footer>
  </nav>
  <div
    className="main-wrapper"
  >
    <nav
      aria-label="main navigation"
      className="navbar is-primary is-transparent is-flex"
      role="navigation"
    >
      <div
        className="navbar-brand"
      >
        <a
          className="navbar-item hackernews-logo"
          href="/"
        >
          <img
            alt="Hackernews"
            src="/assets/hackernews.svg"
          />
        </a>
      </div>
      <button
        className="button navbar-burger is-block-desktop is-primary is-inverted is-outlined "
        onClick={[Function]}
      >
        <span />
        <span />
        <span />
      </button>
    </nav>
    <div
      className="content container"
    >
      <div
        className="has-text-centered loading-message"
      >
        <div
          className="tags has-addons is-large"
        >
          <a
            className="button tag is-info is-loading is-large"
          >
            Loading
          </a>
          <span
            className="tag is-large"
          >
            We are loading, this won"t take long, promise
          </span>
        </div>
      </div>
    </div>
  </div>
</div>
`;
