// Jest Snapshot v1, https://goo.gl/fbAQLP

exports[`Header Component should match snapshot 1`] = `
<nav
  aria-label="main navigation"
  className="navbar is-primary is-transparent is-flex"
  role="navigation"
>
  <div
    className="navbar-brand"
  >
    <a
      className="navbar-item hackernews-logo"
      href="/"
    >
      <img
        alt="Hackernews"
        src="/assets/hackernews.svg"
      />
    </a>
  </div>
  <button
    className="button navbar-burger is-block-desktop is-primary is-inverted is-outlined "
    onClick={undefined}
  >
    <span />
    <span />
    <span />
  </button>
</nav>
`;
